5c5
< MACRO tt_um_ece298A_analog
---
> MACRO tt_um_ece298A_analog_r4
7c7
<   FOREIGN tt_um_ece298A_analog ;
---
>   FOREIGN tt_um_ece298A_analog_r4 ;
36a37
>     ANTENNADIFFAREA 15.520000 ;
44a46
>     ANTENNADIFFAREA 31.039999 ;
52a55
>     ANTENNADIFFAREA 31.039999 ;
68a72
>     ANTENNADIFFAREA 26.400000 ;
100a105
>     ANTENNAGATEAREA 1.980000 ;
124a130
>     ANTENNAGATEAREA 1.980000 ;
140a147,148
>     ANTENNAGATEAREA 4.008000 ;
>     ANTENNADIFFAREA 36.129997 ;
228a237,238
>     ANTENNAGATEAREA 4.008000 ;
>     ANTENNADIFFAREA 36.129997 ;
236a247,248
>     ANTENNAGATEAREA 4.008000 ;
>     ANTENNADIFFAREA 36.129997 ;
244a257,258
>     ANTENNAGATEAREA 4.008000 ;
>     ANTENNADIFFAREA 36.129997 ;
252a267,268
>     ANTENNAGATEAREA 4.008000 ;
>     ANTENNADIFFAREA 36.129997 ;
260a277,278
>     ANTENNAGATEAREA 4.008000 ;
>     ANTENNADIFFAREA 36.129997 ;
268a287,288
>     ANTENNAGATEAREA 4.008000 ;
>     ANTENNADIFFAREA 36.129997 ;
276a297,298
>     ANTENNAGATEAREA 4.008000 ;
>     ANTENNADIFFAREA 36.129997 ;
284a307,308
>     ANTENNAGATEAREA 4.008000 ;
>     ANTENNADIFFAREA 36.129997 ;
292a317,318
>     ANTENNAGATEAREA 4.008000 ;
>     ANTENNADIFFAREA 36.129997 ;
300a327,328
>     ANTENNAGATEAREA 4.008000 ;
>     ANTENNADIFFAREA 36.129997 ;
308a337,338
>     ANTENNAGATEAREA 4.008000 ;
>     ANTENNADIFFAREA 36.129997 ;
316a347,348
>     ANTENNAGATEAREA 4.008000 ;
>     ANTENNADIFFAREA 36.129997 ;
324a357,358
>     ANTENNAGATEAREA 4.008000 ;
>     ANTENNADIFFAREA 36.129997 ;
332a367,368
>     ANTENNAGATEAREA 4.008000 ;
>     ANTENNADIFFAREA 36.129997 ;
340a377,378
>     ANTENNAGATEAREA 4.008000 ;
>     ANTENNADIFFAREA 36.129997 ;
348a387,388
>     ANTENNAGATEAREA 4.008000 ;
>     ANTENNADIFFAREA 36.129997 ;
356a397
>     ANTENNADIFFAREA 1.056000 ;
364a406
>     ANTENNADIFFAREA 43.203197 ;
372a415
>     ANTENNADIFFAREA 1.056000 ;
380a424
>     ANTENNADIFFAREA 43.203197 ;
388a433
>     ANTENNADIFFAREA 43.203197 ;
396a442
>     ANTENNADIFFAREA 1.056000 ;
404a451
>     ANTENNADIFFAREA 43.203197 ;
412a460
>     ANTENNADIFFAREA 1.056000 ;
423c471
<         RECT 1.000 5.000 3.000 220.760 ;
---
>         RECT 1.000 4.990 3.000 220.750 ;
432a481,484
>     PORT
>       LAYER met4 ;
>         RECT 49.000 5.000 51.000 35.910 ;
>     END
435c487
< END tt_um_ece298A_analog
---
> END tt_um_ece298A_analog_r4
